1.0
中国
